// Jest Snapshot v1, https://goo.gl/fbAQLP

exports[`should correctly render NextTripWidget empty if no data 1`] = ``;

exports[`should correctly render NextTripWidget with description 1`] = `
<section
  class="card next blue"
>
  <h1>
    Next trip:  
    Bern
  </h1>
  <p>
    Sun Feb 02 2020
     - 
    Mon Feb 03 2020
  </p>
  <p>
    Foo
  </p>
</section>
`;

exports[`should correctly render NextTripWidget without description 1`] = `
<section
  class="card next blue"
>
  <h1>
    Next trip:  
    Bern
  </h1>
  <p>
    Sun Feb 02 2020
     - 
    Mon Feb 03 2020
  </p>
  
</section>
`;
