// Jest Snapshot v1, https://goo.gl/fbAQLP

exports[`should correctly shallow render Overview 1`] = `
<div
  className="container"
>
  <section>
    <div
      className="widget-row"
    >
      <NextTripWidget
        color="brand"
        nextTrip={
          Object {
            "country": "GR",
            "dateFrom": "2021-03-11",
            "dateUntil": "2021-03-28",
            "description": "",
            "destination": "Athens",
            "flights": 2,
            "lat": 38,
            "lng": 23.7,
          }
        }
      />
      <TotalWidget
        color="brand"
        totals={
          Object {
            "countries": 4,
            "trips": 5,
            "uniqueDestinations": 3,
          }
        }
      />
    </div>
    <Map
      selector="visitedMap"
      trips={
        Array [
          Object {
            "country": "CH",
            "dateFrom": "2020-07-30",
            "dateUntil": "2020-08-03",
            "description": "",
            "destination": "Bern",
            "flights": 2,
            "lat": 46.94,
            "lng": 7.43,
          },
          Object {
            "country": "GR",
            "dateFrom": "2020-07-03",
            "dateUntil": "2020-07-29",
            "description": "",
            "destination": "Athens",
            "flights": 2,
            "lat": 38,
            "lng": 23.7,
          },
          Object {
            "country": "CZ",
            "dateFrom": "2020-02-14",
            "dateUntil": "2020-02-16",
            "description": "",
            "destination": "Prague",
            "flights": 0,
            "lat": 50.08,
            "lng": 14.42,
          },
        ]
      }
    />
    <TripTable
      trips={
        Array [
          Object {
            "country": "GR",
            "dateFrom": "2021-03-11",
            "dateUntil": "2021-03-28",
            "description": "",
            "destination": "Athens",
            "flights": 2,
            "lat": 38,
            "lng": 23.7,
          },
          Object {
            "country": "CH",
            "dateFrom": "2020-07-30",
            "dateUntil": "2020-08-03",
            "description": "",
            "destination": "Bern",
            "flights": 2,
            "lat": 46.94,
            "lng": 7.43,
          },
          Object {
            "country": "GR",
            "dateFrom": "2020-07-03",
            "dateUntil": "2020-07-29",
            "description": "",
            "destination": "Athens",
            "flights": 2,
            "lat": 38,
            "lng": 23.7,
          },
          Object {
            "country": "CH",
            "dateFrom": "2020-02-18",
            "dateUntil": "2020-02-20",
            "description": "",
            "destination": "Bern",
            "flights": 2,
            "lat": 46.94,
            "lng": 7.43,
          },
          Object {
            "country": "CZ",
            "dateFrom": "2020-02-14",
            "dateUntil": "2020-02-16",
            "description": "",
            "destination": "Prague",
            "flights": 0,
            "lat": 50.08,
            "lng": 14.42,
          },
        ]
      }
    />
  </section>
</div>
`;
