// Jest Snapshot v1, https://goo.gl/fbAQLP

exports[`should correctly shallow render TripTable 1`] = `
<table
  class="trips"
>
  <thead>
    <tr>
      <th>
        From
      </th>
      <th>
        Until
      </th>
      <th>
        Destination
      </th>
      <th>
        Country
      </th>
      <th>
        Description
      </th>
    </tr>
  </thead>
  <tbody>
    <tr
      class=""
    >
      <td>
        Sun Feb 02 2020
      </td>
      <td>
        Invalid Date
      </td>
      <td />
      <td />
      <td />
    </tr>
    <tr
      class=""
    >
      <td>
        Mon Feb 03 2020
      </td>
      <td>
        Invalid Date
      </td>
      <td />
      <td />
      <td />
    </tr>
    <tr
      class=""
    >
      <td>
        Tue Feb 04 2020
      </td>
      <td>
        Invalid Date
      </td>
      <td />
      <td />
      <td />
    </tr>
    <tr
      class=""
    >
      <td>
        Wed Feb 05 2020
      </td>
      <td>
        Invalid Date
      </td>
      <td />
      <td />
      <td />
    </tr>
  </tbody>
</table>
`;
